// Jest Snapshot v1, https://goo.gl/fbAQLP

exports[`Test App Entry point renders correctly 1`] = `<app />`;

exports[`Test App Entry point renders correctly 2`] = `<app />`;
